accent	#24C4D3
background	#081B24
bg	#081B24
blue	#1A91A8
bright_blue	#55CDE0
bright_cyan	#72E2EA
bright_fg	#F0F7F7
bright_foreground	#F0F7F7
bright_green	#4FC5A5
bright_magenta	#D2A5A8
bright_purple	#D2A5A8
bright_red	#E18A72
bright_yellow	#F0D1A0
brown	#8C6654
color0	#081B24
color1	#D06A55
color10	#4FC5A5
color11	#F0D1A0
color12	#55CDE0
color13	#D2A5A8
color14	#72E2EA
color15	#F0F7F7
color2	#24967E
color3	#E0B36A
color4	#1A91A8
color5	#B88C90
color6	#24C4D3
color7	#D6E7E8
color8	#718995
color9	#E18A72
cursor	#F0F7F7
cyan	#24C4D3
dark_background	#060708
dark_bg	#060708
dark_fg	#718995
dark_foreground	#718995
darker_background	#030405
darker_bg	#030405
fg	#D6E7E8
foreground	#D6E7E8
green	#24967E
light_fg	#D2E9EA
light_foreground	#D2E9EA
lighter_background	#103848
lighter_bg	#103848
magenta	#B88C90
mode	dark
muted	#718995
orange	#E18A72
purple	#B88C90
red	#D06A55
selection	#0F5268
selection_background	#0F5268
selection_foreground	#F0F7F7
theme_type	dark
yellow	#E0B36A
